---
source: tests/executor_tests.rs
expression: result
---
ExecResult {
    start: 0,
    end: 12,
    groups: {
        "one": (
            0,
            0,
        ),
        "two": (
            2,
            4,
        ),
        "three": (
            6,
            12,
        ),
    },
}
p: '(?<one>.*?) (?<two>.*?) (?<three>.+?)'
i: 'f bar baz qux'
    ^           ^
