---
source: tests/executor_tests.rs
expression: result
---
ExecResult {
    start: 0,
    end: 9,
    groups: {
        "1": (
            5,
            4,
        ),
    },
}
p: 'hello(w?)world'
i: 'helloworld'
    ^        ^
