---
source: tests/executor_tests.rs
expression: result
---
ExecResult {
    start: 4,
    end: 6,
    groups: {},
}
