---
source: tests/executor_tests.rs
expression: result
---
ExecResult {
    start: 0,
    end: 2,
    groups: {},
}
