---
source: tests/parser_tests.rs
expression: parsed
---
ParseResult { 'foo[ bar\ baz^' }
