---
source: tests/parser_tests.rs
expression: parsed
---
ParseResult { ('foo'){0,5}->'ba'->'r'{1} }
