---
source: tests/parser_tests.rs
expression: parsed
---
ParseResult { 'fo'->'o'*->'ba'->'r'+->('baz')?->'q'->'u'?->'x' }
