---
source: tests/parser_tests.rs
expression: err
---
unexpected char '!' at :5
foo\!bar
    ^
