---
source: tests/parser_tests.rs
expression: parsed
---
ParseResult { 'hello world 123' }
