---
source: tests/replace_tests.rs
expression: result
---
"hello rust!"
